// Jest Snapshot v1, https://goo.gl/fbAQLP

exports[`Show Details component Matches the snapshot 1`] = `
<div>
  <h2>
    Countries
  </h2>
  <p>
    Select a Country to view the details about it.
  </p>
  <div>
    <hr />
  </div>
</div>
`;
